✅ Using GPU: True
Downloading https://raw.githubusercontent.com/stanfordnlp/stanza-resources/main/resources_1.10.0.json:   0%|          | 0.00/53.6k [00:00<?, ?B/s]Downloading https://raw.githubusercontent.com/stanfordnlp/stanza-resources/main/resources_1.10.0.json: 434kB [00:00, 53.4MB/s]                    
2026-01-27 16:26:49 INFO: Downloaded file to /projectnb/skiran/Cassie/resources/resources.json
2026-01-27 16:26:49 INFO: Downloading default packages for language: en (English) ...
2026-01-27 16:26:50 INFO: File exists: /projectnb/skiran/Cassie/resources/en/default.zip
2026-01-27 16:26:53 INFO: Finished downloading models and saved to /projectnb/skiran/Cassie/resources
2026-01-27 16:26:54 INFO: Loading these models for language: en (English):
=================================
| Processor | Package           |
---------------------------------
| tokenize  | combined          |
| mwt       | combined          |
| pos       | combined_charlm   |
| lemma     | combined_nocharlm |
| depparse  | combined_charlm   |
=================================

2026-01-27 16:26:54 INFO: Using device: cuda
2026-01-27 16:26:54 INFO: Loading: tokenize
2026-01-27 16:27:05 INFO: Loading: mwt
2026-01-27 16:27:05 INFO: Loading: pos
2026-01-27 16:27:06 INFO: Loading: lemma
2026-01-27 16:27:07 INFO: Loading: depparse
2026-01-27 16:27:07 INFO: Done loading processors!
✅ Using GPU: True
Downloading https://raw.githubusercontent.com/stanfordnlp/stanza-resources/main/resources_1.10.0.json:   0%|          | 0.00/53.6k [00:00<?, ?B/s]Downloading https://raw.githubusercontent.com/stanfordnlp/stanza-resources/main/resources_1.10.0.json: 434kB [00:00, 34.1MB/s]                    
2026-01-27 16:27:16 INFO: Downloaded file to /projectnb/skiran/Cassie/resources/resources.json
2026-01-27 16:27:16 INFO: Downloading default packages for language: en (English) ...
2026-01-27 16:27:17 INFO: File exists: /projectnb/skiran/Cassie/resources/en/default.zip
2026-01-27 16:27:20 INFO: Finished downloading models and saved to /projectnb/skiran/Cassie/resources
2026-01-27 16:27:21 INFO: Loading these models for language: en (English):
=================================
| Processor | Package           |
---------------------------------
| tokenize  | combined          |
| mwt       | combined          |
| pos       | combined_charlm   |
| lemma     | combined_nocharlm |
| depparse  | combined_charlm   |
=================================

2026-01-27 16:27:21 INFO: Using device: cuda
2026-01-27 16:27:21 INFO: Loading: tokenize
2026-01-27 16:27:21 INFO: Loading: mwt
2026-01-27 16:27:21 INFO: Loading: pos
2026-01-27 16:27:22 INFO: Loading: lemma
2026-01-27 16:27:23 INFO: Loading: depparse
2026-01-27 16:27:23 INFO: Done loading processors!
/projectnb/skiran/Cassie/Code/miniconda3/envs/transcribe/lib/python3.10/site-packages/wandb/sdk/internal/internal_api.py:13: UserWarning: pkg_resources is deprecated as an API. See https://setuptools.pypa.io/en/latest/pkg_resources.html. The pkg_resources package is slated for removal as early as 2025-11-30. Refrain from using this package or pin to Setuptools<81.
  from pkg_resources import parse_version
🔍 Processing files for participant: Baycrest11634
🚀 Processing Participant: Baycrest11634
[DEBUG] cohort=dementia cutoff=0.8047
🔍 Processing files for participant: 22-1
🚀 Processing Participant: 22-1
[DEBUG] cohort=dementia cutoff=0.8047
🔍 Processing files for participant: RBN7927a
🚀 Processing Participant: RBN7927a
[DEBUG] cohort=dementia cutoff=0.8047
🔍 Processing files for participant: 75-1
🚀 Processing Participant: 75-1
[DEBUG] cohort=dementia cutoff=0.8047
🔍 Processing files for participant: 64-1
🚀 Processing Participant: 64-1
[DEBUG] cohort=dementia cutoff=0.8047
🔍 Processing files for participant: Baycrest12828
🚀 Processing Participant: Baycrest12828
[DEBUG] cohort=dementia cutoff=0.8047
🔍 Processing files for participant: JRE5043a
🚀 Processing Participant: JRE5043a
[DEBUG] cohort=dementia cutoff=0.8047
🔍 Processing files for participant: Baycrest2103
🚀 Processing Participant: Baycrest2103
[DEBUG] cohort=dementia cutoff=0.8047
🔍 Processing files for participant: 32-1
🚀 Processing Participant: 32-1
[DEBUG] cohort=dementia cutoff=0.8047
🔍 Processing files for participant: 23-1
🚀 Processing Participant: 23-1
[DEBUG] cohort=dementia cutoff=0.8047
🔍 Processing files for participant: 232-1
🚀 Processing Participant: 232-1
[DEBUG] cohort=dementia cutoff=0.8047
🔍 Processing files for participant: DUE3951a
🚀 Processing Participant: DUE3951a
[DEBUG] cohort=dementia cutoff=0.8047
🔍 Processing files for participant: 18-1
🚀 Processing Participant: 18-1
[DEBUG] cohort=dementia cutoff=0.8047
🔍 Processing files for participant: Baycrest8538
🚀 Processing Participant: Baycrest8538
[DEBUG] cohort=dementia cutoff=0.8047
🔍 Processing files for participant: Baycrest12756
🚀 Processing Participant: Baycrest12756
[DEBUG] cohort=dementia cutoff=0.8047
🔍 Processing files for participant: BDY3628a
🚀 Processing Participant: BDY3628a
[DEBUG] cohort=dementia cutoff=0.8047
🔍 Processing files for participant: Baycrest12814
🚀 Processing Participant: Baycrest12814
[DEBUG] cohort=dementia cutoff=0.8047
🔍 Processing files for participant: KCR7045a
🚀 Processing Participant: KCR7045a
[DEBUG] cohort=dementia cutoff=0.8047
🔍 Processing files for participant: 19-1
🚀 Processing Participant: 19-1
[DEBUG] cohort=dementia cutoff=0.8047
🔍 Processing files for participant: 277-1
🚀 Processing Participant: 277-1
[DEBUG] cohort=dementia cutoff=0.8047
🔍 Processing files for participant: 47-1
🚀 Processing Participant: 47-1
[DEBUG] cohort=dementia cutoff=0.8047
🔍 Processing files for participant: 50-1
🚀 Processing Participant: 50-1
[DEBUG] cohort=dementia cutoff=0.8047
🔍 Processing files for participant: 14-1
🚀 Processing Participant: 14-1
[DEBUG] cohort=dementia cutoff=0.8047
🔍 Processing files for participant: 216-1
🚀 Processing Participant: 216-1
[DEBUG] cohort=dementia cutoff=0.8047
🔍 Processing files for participant: BMN3031b
🚀 Processing Participant: BMN3031b
[DEBUG] cohort=dementia cutoff=0.8047
🔍 Processing files for participant: BBW8512a
🚀 Processing Participant: BBW8512a
[DEBUG] cohort=dementia cutoff=0.8047
🔍 Processing files for participant: 52-1
🚀 Processing Participant: 52-1
[DEBUG] cohort=dementia cutoff=0.8047
🔍 Processing files for participant: LBY4645a
🚀 Processing Participant: LBY4645a
[DEBUG] cohort=dementia cutoff=0.8047
🔍 Processing files for participant: 58-1
🚀 Processing Participant: 58-1
[DEBUG] cohort=dementia cutoff=0.8047
🔍 Processing files for participant: DCR7644a
🚀 Processing Participant: DCR7644a
[DEBUG] cohort=dementia cutoff=0.8047
🔍 Processing files for participant: 59-1
🚀 Processing Participant: 59-1
[DEBUG] cohort=dementia cutoff=0.8047
🔍 Processing files for participant: Baycrest11976
🚀 Processing Participant: Baycrest11976
[DEBUG] cohort=dementia cutoff=0.8047
🔍 Processing files for participant: 88-1
🚀 Processing Participant: 88-1
[DEBUG] cohort=dementia cutoff=0.8047
🔍 Processing files for participant: MVS4058a
🚀 Processing Participant: MVS4058a
[DEBUG] cohort=dementia cutoff=0.8047
🔍 Processing files for participant: RCL5752
🚀 Processing Participant: RCL5752
[DEBUG] cohort=dementia cutoff=0.8047
🔍 Processing files for participant: 01-1
🚀 Processing Participant: 01-1
[DEBUG] cohort=dementia cutoff=0.8047
🔍 Processing files for participant: 09-1
🚀 Processing Participant: 09-1
[DEBUG] cohort=dementia cutoff=0.8047
🔍 Processing files for participant: 10-1
🚀 Processing Participant: 10-1
[DEBUG] cohort=dementia cutoff=0.8047
🔍 Processing files for participant: 17-1
🚀 Processing Participant: 17-1
[DEBUG] cohort=dementia cutoff=0.8047
🔍 Processing files for participant: EMH9057a
🚀 Processing Participant: EMH9057a
[DEBUG] cohort=dementia cutoff=0.8047
🔍 Processing files for participant: AMR6628a
🚀 Processing Participant: AMR6628a
[DEBUG] cohort=dementia cutoff=0.8047
🔍 Processing files for participant: JKS7696a
🚀 Processing Participant: JKS7696a
[DEBUG] cohort=dementia cutoff=0.8047
🔍 Processing files for participant: 11-1
🚀 Processing Participant: 11-1
[DEBUG] cohort=dementia cutoff=0.8047
🔍 Processing files for participant: TBD4254a
🚀 Processing Participant: TBD4254a
[DEBUG] cohort=dementia cutoff=0.8047
🔍 Processing files for participant: 31-1
🚀 Processing Participant: 31-1
[DEBUG] cohort=dementia cutoff=0.8047
🔍 Processing files for participant: 95-1
🚀 Processing Participant: 95-1
[DEBUG] cohort=dementia cutoff=0.8047
🔍 Processing files for participant: HWN0674a
🚀 Processing Participant: HWN0674a
[DEBUG] cohort=dementia cutoff=0.8047
🔍 Processing files for participant: 54-1
🚀 Processing Participant: 54-1
[DEBUG] cohort=dementia cutoff=0.8047
🔍 Processing files for participant: 61-1
🚀 Processing Participant: 61-1
[DEBUG] cohort=dementia cutoff=0.8047
🔍 Processing files for participant: 63-1
🚀 Processing Participant: 63-1
[DEBUG] cohort=dementia cutoff=0.8047
🔍 Processing files for participant: JBH5314a
🚀 Processing Participant: JBH5314a
[DEBUG] cohort=dementia cutoff=0.8047
🔍 Processing files for participant: 79-1
🚀 Processing Participant: 79-1
[DEBUG] cohort=dementia cutoff=0.8047
🔍 Processing files for participant: 68-1
🚀 Processing Participant: 68-1
[DEBUG] cohort=dementia cutoff=0.8047
🔍 Processing files for participant: LRW4117a
🚀 Processing Participant: LRW4117a
[DEBUG] cohort=dementia cutoff=0.8047
🔍 Processing files for participant: 43-1
🚀 Processing Participant: 43-1
[DEBUG] cohort=dementia cutoff=0.8047
🔍 Processing files for participant: Baycrest12257
🚀 Processing Participant: Baycrest12257
[DEBUG] cohort=dementia cutoff=0.8047
🔍 Processing files for participant: 16-1
🚀 Processing Participant: 16-1
[DEBUG] cohort=dementia cutoff=0.8047
🔍 Processing files for participant: 21-1
🚀 Processing Participant: 21-1
[DEBUG] cohort=dementia cutoff=0.8047
🔍 Processing files for participant: 34-1
🚀 Processing Participant: 34-1
[DEBUG] cohort=dementia cutoff=0.8047
🔍 Processing files for participant: CHP4775a
🚀 Processing Participant: CHP4775a
[DEBUG] cohort=dementia cutoff=0.8047
🔍 Processing files for participant: 27-1
🚀 Processing Participant: 27-1
[DEBUG] cohort=dementia cutoff=0.8047
🔍 Processing files for participant: NHE3782a
🚀 Processing Participant: NHE3782a
[DEBUG] cohort=dementia cutoff=0.8047
🔍 Processing files for participant: 71-1
🚀 Processing Participant: 71-1
[DEBUG] cohort=dementia cutoff=0.8047
🔍 Processing files for participant: Baycrest12813
🚀 Processing Participant: Baycrest12813
[DEBUG] cohort=dementia cutoff=0.8047
🔍 Processing files for participant: 78-1
🚀 Processing Participant: 78-1
[DEBUG] cohort=dementia cutoff=0.8047
🔍 Processing files for participant: 06-1
🚀 Processing Participant: 06-1
[DEBUG] cohort=dementia cutoff=0.8047
🔍 Processing files for participant: BFI6092a
🚀 Processing Participant: BFI6092a
[DEBUG] cohort=dementia cutoff=0.8047
🔍 Processing files for participant: DRY8487a
🚀 Processing Participant: DRY8487a
[DEBUG] cohort=dementia cutoff=0.8047
🔍 Processing files for participant: 66-1
🚀 Processing Participant: 66-1
[DEBUG] cohort=dementia cutoff=0.8047
🔍 Processing files for participant: MJE8703a
🚀 Processing Participant: MJE8703a
[DEBUG] cohort=dementia cutoff=0.8047
🔍 Processing files for participant: 28-1
🚀 Processing Participant: 28-1
[DEBUG] cohort=dementia cutoff=0.8047
🔍 Processing files for participant: Baycrest12829
🚀 Processing Participant: Baycrest12829
[DEBUG] cohort=dementia cutoff=0.8047
🔍 Processing files for participant: 207-1
🚀 Processing Participant: 207-1
[DEBUG] cohort=dementia cutoff=0.8047
🔍 Processing files for participant: 53-1
🚀 Processing Participant: 53-1
[DEBUG] cohort=dementia cutoff=0.8047
🔍 Processing files for participant: 33-1
🚀 Processing Participant: 33-1
[DEBUG] cohort=dementia cutoff=0.8047
🔍 Processing files for participant: 57-1
🚀 Processing Participant: 57-1
[DEBUG] cohort=dementia cutoff=0.8047
🔍 Processing files for participant: 40-1
🚀 Processing Participant: 40-1
[DEBUG] cohort=dementia cutoff=0.8047
🔍 Processing files for participant: SKR7851a
🚀 Processing Participant: SKR7851a
[DEBUG] cohort=dementia cutoff=0.8047
🔍 Processing files for participant: PMR5861a
🚀 Processing Participant: PMR5861a
[DEBUG] cohort=dementia cutoff=0.8047
🔍 Processing files for participant: Baycrest7352
🚀 Processing Participant: Baycrest7352
[DEBUG] cohort=dementia cutoff=0.8047
🔍 Processing files for participant: PON4669b
🚀 Processing Participant: PON4669b
[DEBUG] cohort=dementia cutoff=0.8047
🔍 Processing files for participant: Baycrest10285
🚀 Processing Participant: Baycrest10285
[DEBUG] cohort=dementia cutoff=0.8047
🔍 Processing files for participant: Baycrest13074
🚀 Processing Participant: Baycrest13074
[DEBUG] cohort=dementia cutoff=0.8047
🔍 Processing files for participant: RWN7022a
🚀 Processing Participant: RWN7022a
[DEBUG] cohort=dementia cutoff=0.8047
🔍 Processing files for participant: 69-1
🚀 Processing Participant: 69-1
[DEBUG] cohort=dementia cutoff=0.8047
🔍 Processing files for participant: MSH7922a
🚀 Processing Participant: MSH7922a
[DEBUG] cohort=dementia cutoff=0.8047
🔍 Processing files for participant: 74-1
🚀 Processing Participant: 74-1
[DEBUG] cohort=dementia cutoff=0.8047
🔍 Processing files for participant: 26-1
🚀 Processing Participant: 26-1
[DEBUG] cohort=dementia cutoff=0.8047
🔍 Processing files for participant: 20-1
🚀 Processing Participant: 20-1
[DEBUG] cohort=dementia cutoff=0.8047
🔍 Processing files for participant: 91-1
🚀 Processing Participant: 91-1
[DEBUG] cohort=dementia cutoff=0.8047
🔍 Processing files for participant: 49-1
🚀 Processing Participant: 49-1
[DEBUG] cohort=dementia cutoff=0.8047
🔍 Processing files for participant: Baycrest13188
🚀 Processing Participant: Baycrest13188
[DEBUG] cohort=dementia cutoff=0.8047
🔍 Processing files for participant: 55-1
🚀 Processing Participant: 55-1
[DEBUG] cohort=dementia cutoff=0.8047
🔍 Processing files for participant: 15-1
🚀 Processing Participant: 15-1
[DEBUG] cohort=dementia cutoff=0.8047

Merged features saved to: /projectnb/skiran/Cassie/mainconcpet_analysis/data/classification/dementia_mainconcept_features_update_qsub.csv
