✅ Using GPU: True
Downloading https://raw.githubusercontent.com/stanfordnlp/stanza-resources/main/resources_1.10.0.json:   0%|          | 0.00/53.6k [00:00<?, ?B/s]Downloading https://raw.githubusercontent.com/stanfordnlp/stanza-resources/main/resources_1.10.0.json: 434kB [00:00, 86.7MB/s]                    
2026-01-27 15:15:48 INFO: Downloaded file to /projectnb/skiran/Cassie/resources/resources.json
2026-01-27 15:15:48 INFO: Downloading default packages for language: en (English) ...
2026-01-27 15:15:49 INFO: File exists: /projectnb/skiran/Cassie/resources/en/default.zip
2026-01-27 15:15:56 INFO: Finished downloading models and saved to /projectnb/skiran/Cassie/resources
2026-01-27 15:16:01 INFO: Loading these models for language: en (English):
=================================
| Processor | Package           |
---------------------------------
| tokenize  | combined          |
| mwt       | combined          |
| pos       | combined_charlm   |
| lemma     | combined_nocharlm |
| depparse  | combined_charlm   |
=================================

2026-01-27 15:16:01 INFO: Using device: cuda
2026-01-27 15:16:01 INFO: Loading: tokenize
2026-01-27 15:16:23 INFO: Loading: mwt
2026-01-27 15:16:23 INFO: Loading: pos
2026-01-27 15:16:25 INFO: Loading: lemma
2026-01-27 15:16:25 INFO: Loading: depparse
2026-01-27 15:16:26 INFO: Done loading processors!
✅ Using GPU: True
Downloading https://raw.githubusercontent.com/stanfordnlp/stanza-resources/main/resources_1.10.0.json:   0%|          | 0.00/53.6k [00:00<?, ?B/s]Downloading https://raw.githubusercontent.com/stanfordnlp/stanza-resources/main/resources_1.10.0.json: 434kB [00:00, 303MB/s]                     
2026-01-27 15:16:54 INFO: Downloaded file to /projectnb/skiran/Cassie/resources/resources.json
2026-01-27 15:16:54 INFO: Downloading default packages for language: en (English) ...
2026-01-27 15:16:55 INFO: File exists: /projectnb/skiran/Cassie/resources/en/default.zip
2026-01-27 15:17:03 INFO: Finished downloading models and saved to /projectnb/skiran/Cassie/resources
2026-01-27 15:17:04 INFO: Loading these models for language: en (English):
=================================
| Processor | Package           |
---------------------------------
| tokenize  | combined          |
| mwt       | combined          |
| pos       | combined_charlm   |
| lemma     | combined_nocharlm |
| depparse  | combined_charlm   |
=================================

2026-01-27 15:17:04 INFO: Using device: cuda
2026-01-27 15:17:04 INFO: Loading: tokenize
2026-01-27 15:17:04 INFO: Loading: mwt
2026-01-27 15:17:04 INFO: Loading: pos
2026-01-27 15:17:06 INFO: Loading: lemma
2026-01-27 15:17:06 INFO: Loading: depparse
2026-01-27 15:17:07 INFO: Done loading processors!
/projectnb/skiran/Cassie/Code/miniconda3/envs/transcribe/lib/python3.10/site-packages/wandb/sdk/internal/internal_api.py:13: UserWarning: pkg_resources is deprecated as an API. See https://setuptools.pypa.io/en/latest/pkg_resources.html. The pkg_resources package is slated for removal as early as 2025-11-30. Refrain from using this package or pin to Setuptools<81.
  from pkg_resources import parse_version
🔍 Processing files for participant: elman07a
🚀 Processing Participant: elman07a
[DEBUG] cohort=aphasia cutoff=0.8289
🔍 Processing files for participant: richardson17a
🚀 Processing Participant: richardson17a
[DEBUG] cohort=aphasia cutoff=0.8289
🔍 Processing files for participant: TAP04a
🚀 Processing Participant: TAP04a
[DEBUG] cohort=aphasia cutoff=0.8289
🔍 Processing files for participant: UNH11b
🚀 Processing Participant: UNH11b
[DEBUG] cohort=aphasia cutoff=0.8289
🔍 Processing files for participant: whiteside04a
🚀 Processing Participant: whiteside04a
[DEBUG] cohort=aphasia cutoff=0.8289
🔍 Processing files for participant: williamson13a
🚀 Processing Participant: williamson13a
[DEBUG] cohort=aphasia cutoff=0.8289
🔍 Processing files for participant: whiteside05a
🚀 Processing Participant: whiteside05a
[DEBUG] cohort=aphasia cutoff=0.8289
🔍 Processing files for participant: adler03a
🚀 Processing Participant: adler03a
[DEBUG] cohort=aphasia cutoff=0.8289
🔍 Processing files for participant: UNH05c
🚀 Processing Participant: UNH05c
[DEBUG] cohort=aphasia cutoff=0.8289
🔍 Processing files for participant: whiteside12a
🚀 Processing Participant: whiteside12a
[DEBUG] cohort=aphasia cutoff=0.8289
🔍 Processing files for participant: adler15a
🚀 Processing Participant: adler15a
[DEBUG] cohort=aphasia cutoff=0.8289
🔍 Processing files for participant: adler05a
🚀 Processing Participant: adler05a
[DEBUG] cohort=aphasia cutoff=0.8289
🔍 Processing files for participant: MMA08a
🚀 Processing Participant: MMA08a
[DEBUG] cohort=aphasia cutoff=0.8289
🔍 Processing files for participant: whiteside09a
🚀 Processing Participant: whiteside09a
[DEBUG] cohort=aphasia cutoff=0.8289
🔍 Processing files for participant: fridriksson10a
🚀 Processing Participant: fridriksson10a
[DEBUG] cohort=aphasia cutoff=0.8289
🔍 Processing files for participant: Baycrest9772a
🚀 Processing Participant: Baycrest9772a
[DEBUG] cohort=aphasia cutoff=0.8289
🔍 Processing files for participant: TAP13a
🚀 Processing Participant: TAP13a
[DEBUG] cohort=aphasia cutoff=0.8289
🔍 Processing files for participant: scale22a
🚀 Processing Participant: scale22a
[DEBUG] cohort=aphasia cutoff=0.8289
🔍 Processing files for participant: MMA19a
🚀 Processing Participant: MMA19a
[DEBUG] cohort=aphasia cutoff=0.8289
🔍 Processing files for participant: fridriksson01a
🚀 Processing Participant: fridriksson01a
[DEBUG] cohort=aphasia cutoff=0.8289
🔍 Processing files for participant: whiteside15a
🚀 Processing Participant: whiteside15a
[DEBUG] cohort=aphasia cutoff=0.8289
🔍 Processing files for participant: wozniak04a
🚀 Processing Participant: wozniak04a
[DEBUG] cohort=aphasia cutoff=0.8289
🔍 Processing files for participant: elman10a
🚀 Processing Participant: elman10a
[DEBUG] cohort=aphasia cutoff=0.8289
🔍 Processing files for participant: wright201a
🚀 Processing Participant: wright201a
[DEBUG] cohort=aphasia cutoff=0.8289
🔍 Processing files for participant: acwt12a
🚀 Processing Participant: acwt12a
[DEBUG] cohort=aphasia cutoff=0.8289
🔍 Processing files for participant: MMA11a
🚀 Processing Participant: MMA11a
[DEBUG] cohort=aphasia cutoff=0.8289
🔍 Processing files for participant: adler02a
🚀 Processing Participant: adler02a
[DEBUG] cohort=aphasia cutoff=0.8289
🔍 Processing files for participant: Baycrest10634a
🚀 Processing Participant: Baycrest10634a
[DEBUG] cohort=aphasia cutoff=0.8289
🔍 Processing files for participant: Baycrest9336a
🚀 Processing Participant: Baycrest9336a
[DEBUG] cohort=aphasia cutoff=0.8289
🔍 Processing files for participant: MMA13a
🚀 Processing Participant: MMA13a
[DEBUG] cohort=aphasia cutoff=0.8289
🔍 Processing files for participant: UNH10c
🚀 Processing Participant: UNH10c
[DEBUG] cohort=aphasia cutoff=0.8289
🔍 Processing files for participant: whiteside18a
🚀 Processing Participant: whiteside18a
[DEBUG] cohort=aphasia cutoff=0.8289
🔍 Processing files for participant: fridriksson13a
🚀 Processing Participant: fridriksson13a
[DEBUG] cohort=aphasia cutoff=0.8289
🔍 Processing files for participant: richardson31a
🚀 Processing Participant: richardson31a
[DEBUG] cohort=aphasia cutoff=0.8289
🔍 Processing files for participant: adler04a
🚀 Processing Participant: adler04a
[DEBUG] cohort=aphasia cutoff=0.8289
🔍 Processing files for participant: fridriksson05a
🚀 Processing Participant: fridriksson05a
[DEBUG] cohort=aphasia cutoff=0.8289
🔍 Processing files for participant: UNH01a
🚀 Processing Participant: UNH01a
[DEBUG] cohort=aphasia cutoff=0.8289
🔍 Processing files for participant: whiteside17a
🚀 Processing Participant: whiteside17a
[DEBUG] cohort=aphasia cutoff=0.8289
🔍 Processing files for participant: fridriksson07a
🚀 Processing Participant: fridriksson07a
[DEBUG] cohort=aphasia cutoff=0.8289
🔍 Processing files for participant: wozniak06a
🚀 Processing Participant: wozniak06a
[DEBUG] cohort=aphasia cutoff=0.8289
🔍 Processing files for participant: richardson08a
🚀 Processing Participant: richardson08a
[DEBUG] cohort=aphasia cutoff=0.8289
🔍 Processing files for participant: williamson06a
🚀 Processing Participant: williamson06a
[DEBUG] cohort=aphasia cutoff=0.8289
🔍 Processing files for participant: Baycrest11154a
🚀 Processing Participant: Baycrest11154a
[DEBUG] cohort=aphasia cutoff=0.8289
🔍 Processing files for participant: UNH14a
🚀 Processing Participant: UNH14a
[DEBUG] cohort=aphasia cutoff=0.8289
🔍 Processing files for participant: elman15a
🚀 Processing Participant: elman15a
[DEBUG] cohort=aphasia cutoff=0.8289
🔍 Processing files for participant: fridriksson02a
🚀 Processing Participant: fridriksson02a
[DEBUG] cohort=aphasia cutoff=0.8289
🔍 Processing files for participant: fridriksson09a
🚀 Processing Participant: fridriksson09a
[DEBUG] cohort=aphasia cutoff=0.8289
🔍 Processing files for participant: elman01a
🚀 Processing Participant: elman01a
[DEBUG] cohort=aphasia cutoff=0.8289
🔍 Processing files for participant: acwt04a
🚀 Processing Participant: acwt04a
[DEBUG] cohort=aphasia cutoff=0.8289
🔍 Processing files for participant: wright202a
🚀 Processing Participant: wright202a
[DEBUG] cohort=aphasia cutoff=0.8289
🔍 Processing files for participant: UNH03b
🚀 Processing Participant: UNH03b
[DEBUG] cohort=aphasia cutoff=0.8289
🔍 Processing files for participant: whiteside01a
🚀 Processing Participant: whiteside01a
[DEBUG] cohort=aphasia cutoff=0.8289
🔍 Processing files for participant: MMA12a
🚀 Processing Participant: MMA12a
[DEBUG] cohort=aphasia cutoff=0.8289
🔍 Processing files for participant: wright203a
🚀 Processing Participant: wright203a
[DEBUG] cohort=aphasia cutoff=0.8289
🔍 Processing files for participant: MMA14a
🚀 Processing Participant: MMA14a
[DEBUG] cohort=aphasia cutoff=0.8289
🔍 Processing files for participant: whiteside14a
🚀 Processing Participant: whiteside14a
[DEBUG] cohort=aphasia cutoff=0.8289
🔍 Processing files for participant: richardson30a
🚀 Processing Participant: richardson30a
[DEBUG] cohort=aphasia cutoff=0.8289
🔍 Processing files for participant: acwt09a
🚀 Processing Participant: acwt09a
[DEBUG] cohort=aphasia cutoff=0.8289
🔍 Processing files for participant: whiteside10a
🚀 Processing Participant: whiteside10a
[DEBUG] cohort=aphasia cutoff=0.8289
🔍 Processing files for participant: elman05a
🚀 Processing Participant: elman05a
[DEBUG] cohort=aphasia cutoff=0.8289
🔍 Processing files for participant: richardson16a
🚀 Processing Participant: richardson16a
[DEBUG] cohort=aphasia cutoff=0.8289
🔍 Processing files for participant: richardson27a
🚀 Processing Participant: richardson27a
[DEBUG] cohort=aphasia cutoff=0.8289
🔍 Processing files for participant: richardson20a
🚀 Processing Participant: richardson20a
[DEBUG] cohort=aphasia cutoff=0.8289
🔍 Processing files for participant: Baycrest12072a
🚀 Processing Participant: Baycrest12072a
[DEBUG] cohort=aphasia cutoff=0.8289
🔍 Processing files for participant: adler06a
🚀 Processing Participant: adler06a
[DEBUG] cohort=aphasia cutoff=0.8289
🔍 Processing files for participant: whiteside06a
🚀 Processing Participant: whiteside06a
[DEBUG] cohort=aphasia cutoff=0.8289
🔍 Processing files for participant: scale32a
🚀 Processing Participant: scale32a
[DEBUG] cohort=aphasia cutoff=0.8289
🔍 Processing files for participant: wozniak02a
🚀 Processing Participant: wozniak02a
[DEBUG] cohort=aphasia cutoff=0.8289
🔍 Processing files for participant: williamson07a
🚀 Processing Participant: williamson07a
[DEBUG] cohort=aphasia cutoff=0.8289
🔍 Processing files for participant: whiteside07a
🚀 Processing Participant: whiteside07a
[DEBUG] cohort=aphasia cutoff=0.8289
🔍 Processing files for participant: richardson21a
🚀 Processing Participant: richardson21a
[DEBUG] cohort=aphasia cutoff=0.8289
🔍 Processing files for participant: whiteside19a
🚀 Processing Participant: whiteside19a
[DEBUG] cohort=aphasia cutoff=0.8289
🔍 Processing files for participant: wozniak01a
🚀 Processing Participant: wozniak01a
[DEBUG] cohort=aphasia cutoff=0.8289
🔍 Processing files for participant: TAP11a
🚀 Processing Participant: TAP11a
[DEBUG] cohort=aphasia cutoff=0.8289
🔍 Processing files for participant: whiteside02a
🚀 Processing Participant: whiteside02a
[DEBUG] cohort=aphasia cutoff=0.8289
🔍 Processing files for participant: fridriksson04a
🚀 Processing Participant: fridriksson04a
[DEBUG] cohort=aphasia cutoff=0.8289
🔍 Processing files for participant: fridriksson11a
🚀 Processing Participant: fridriksson11a
[DEBUG] cohort=aphasia cutoff=0.8289
🔍 Processing files for participant: richardson11a
🚀 Processing Participant: richardson11a
[DEBUG] cohort=aphasia cutoff=0.8289
🔍 Processing files for participant: acwt02a
🚀 Processing Participant: acwt02a
[DEBUG] cohort=aphasia cutoff=0.8289
🔍 Processing files for participant: acwt10a
🚀 Processing Participant: acwt10a
[DEBUG] cohort=aphasia cutoff=0.8289
🔍 Processing files for participant: acwt08a
🚀 Processing Participant: acwt08a
[DEBUG] cohort=aphasia cutoff=0.8289
🔍 Processing files for participant: richardson09a
🚀 Processing Participant: richardson09a
[DEBUG] cohort=aphasia cutoff=0.8289
🔍 Processing files for participant: whiteside20a
🚀 Processing Participant: whiteside20a
[DEBUG] cohort=aphasia cutoff=0.8289
🔍 Processing files for participant: richardson28a
🚀 Processing Participant: richardson28a
[DEBUG] cohort=aphasia cutoff=0.8289
🔍 Processing files for participant: richardson14a
🚀 Processing Participant: richardson14a
[DEBUG] cohort=aphasia cutoff=0.8289
🔍 Processing files for participant: Baycrest12331a
🚀 Processing Participant: Baycrest12331a
[DEBUG] cohort=aphasia cutoff=0.8289
🔍 Processing files for participant: whiteside11a
🚀 Processing Participant: whiteside11a
[DEBUG] cohort=aphasia cutoff=0.8289
🔍 Processing files for participant: fridriksson12a
🚀 Processing Participant: fridriksson12a
[DEBUG] cohort=aphasia cutoff=0.8289
🔍 Processing files for participant: williamson09a
🚀 Processing Participant: williamson09a
[DEBUG] cohort=aphasia cutoff=0.8289
🔍 Processing files for participant: williamson05a
🚀 Processing Participant: williamson05a
[DEBUG] cohort=aphasia cutoff=0.8289
🔍 Processing files for participant: whiteside13a
🚀 Processing Participant: whiteside13a
[DEBUG] cohort=aphasia cutoff=0.8289
🔍 Processing files for participant: TAP05a
🚀 Processing Participant: TAP05a
[DEBUG] cohort=aphasia cutoff=0.8289
🔍 Processing files for participant: williamson10a
🚀 Processing Participant: williamson10a
[DEBUG] cohort=aphasia cutoff=0.8289
🔍 Processing files for participant: richardson26a
🚀 Processing Participant: richardson26a
[DEBUG] cohort=aphasia cutoff=0.8289
🔍 Processing files for participant: UNH08a
🚀 Processing Participant: UNH08a
[DEBUG] cohort=aphasia cutoff=0.8289
🔍 Processing files for participant: elman14a
🚀 Processing Participant: elman14a
[DEBUG] cohort=aphasia cutoff=0.8289
🔍 Processing files for participant: Baycrest12288a
🚀 Processing Participant: Baycrest12288a
[DEBUG] cohort=aphasia cutoff=0.8289
🔍 Processing files for participant: richardson15a
🚀 Processing Participant: richardson15a
[DEBUG] cohort=aphasia cutoff=0.8289
🔍 Processing files for participant: Baycrest12308a
🚀 Processing Participant: Baycrest12308a
[DEBUG] cohort=aphasia cutoff=0.8289
🔍 Processing files for participant: williamson11a
🚀 Processing Participant: williamson11a
[DEBUG] cohort=aphasia cutoff=0.8289
🔍 Processing files for participant: Baycrest10827a
🚀 Processing Participant: Baycrest10827a
[DEBUG] cohort=aphasia cutoff=0.8289
🔍 Processing files for participant: whiteside16a
🚀 Processing Participant: whiteside16a
[DEBUG] cohort=aphasia cutoff=0.8289

Merged features saved to: /projectnb/skiran/Cassie/mainconcpet_analysis/data/classification/aphasia_mainconcept_features_update_qsub.csv
